// Jest Snapshot v1, https://goo.gl/fbAQLP

exports[`ApeSwapV3Factory #createPool gas 1`] = `4515119`;

exports[`ApeSwapV3Factory factory bytecode size 1`] = `24574`;

exports[`ApeSwapV3Factory pool bytecode size 1`] = `21930`;
